---
source: nextest-runner/src/reporter/displayer/imp.rs
expression: "String::from_utf8(out).expect(\"output only consists of UTF-8\")"
snapshot_kind: text
---
        FAIL [   1.000s] my-binary-id test1
   FLAKY 2/2 [   2.000s] my-binary-id test1
