---
source: integration-tests/tests/integration/main.rs
expression: default_set_with_args_output.stdout_as_str()
---
nextest-tests::basic:
    test_stdin_closed
