---
source: integration-tests/tests/integration/main.rs
expression: default_profile_output.stdout_as_str()
---
group: flaky (max threads = 4)
    (no matches)
group: unused (max threads = 20)
    (no matches)

