---
source: nextest-runner/src/reporter/structured/libtest.rs
expression: "std::str::from_utf8(&actual).unwrap()"
---
(output not captured)
