---
source: nextest-runner/src/reporter/displayer.rs
expression: s
snapshot_kind: text
---
[31;1m  Cancelling[0m [ 34:17:36] 0/35: [1m10[0m running, [1m0[0m [32;1mpassed[0m, [1m0[0m [33;1mskipped[0m
